0, 0, 0.0462585
0, 0, 0.0523129
489.546, 0.993056, 0.0587528
489.546, 0.993056, 0.0652834
490.107, 0.996528, 0.0726077
492.616, 0.996528, 0.0787302
492.616, 0.993056, 0.0848753
489.906, 0.986111, 0.0914059
489.906, 0.986111, 0.0979365
