0, 0.867188, 0.0173923
439.429, 0.997396, 0.0260998
439.429, 1, 0.0351247
439.898, 1, 0.0442177
439.898, 0.997396, 0.0533333
439.883, 0.997396, 0.0609297
439.822, 0.940104, 0.0696372
439.36, 0.864583, 0.0784127
438.993, 0.867188, 0.0876417
